Bond order cutoff:0.3000
Iteration Freq. Molecular formula               Molecular mass
       0   1 x  C2H5O2N                               75.0380
 Total number of molecules:           1
 Total number of atoms:          10
 Total system mass:   75.037999999999997     
Bond order cutoff:0.3000
Iteration Freq. Molecular formula               Molecular mass
       0   1 x  C2H5O2N                               75.0380
 Total number of molecules:           1
 Total number of atoms:          10
 Total system mass:   75.037999999999997     
